> Task :app:checkKotlinGradlePluginConfigurationErrors SKIPPED
> Task :app:preBuild UP-TO-DATE
> Task :app:preDebugBuild UP-TO-DATE
> Task :app:dataBindingMergeDependencyArtifactsDebug UP-TO-DATE
> Task :app:generateDebugResValues UP-TO-DATE
> Task :app:generateDebugResources UP-TO-DATE
> Task :app:processDebugGoogleServices UP-TO-DATE
> Task :app:mergeDebugResources UP-TO-DATE
> Task :app:packageDebugResources UP-TO-DATE
> Task :app:parseDebugLocalResources UP-TO-DATE
> Task :app:dataBindingGenBaseClassesDebug UP-TO-DATE
> Task :app:checkDebugAarMetadata UP-TO-DATE
> Task :app:mapDebugSourceSetPaths UP-TO-DATE
> Task :app:createDebugCompatibleScreenManifests UP-TO-DATE
> Task :app:extractDeepLinksDebug UP-TO-DATE
> Task :app:processDebugMainManifest UP-TO-DATE
> Task :app:processDebugManifest UP-TO-DATE
> Task :app:processDebugManifestForPackage UP-TO-DATE
> Task :app:processDebugResources UP-TO-DATE

> Task :app:compileDebugKotlin FAILED
e: file:///C:/Users/admin/AndroidStudioProjects/AgreeWise/app/src/main/java/com/example/agreewise/LoginActivity.kt:83:21 Unresolved reference 'progressLogin'.
e: file:///C:/Users/admin/AndroidStudioProjects/AgreeWise/app/src/main/java/com/example/agreewise/LoginActivity.kt:86:21 Unresolved reference 'progressLogin'.
e: file:///C:/Users/admin/AndroidStudioProjects/AgreeWise/app/src/main/java/com/example/agreewise/LoginActivity.kt:97:21 Unresolved reference 'btnLoginContainer'.
e: file:///C:/Users/admin/AndroidStudioProjects/AgreeWise/app/src/main/java/com/example/agreewise/RegisterActivity.kt:109:21 Unresolved reference 'progressRegister'.
e: file:///C:/Users/admin/AndroidStudioProjects/AgreeWise/app/src/main/java/com/example/agreewise/RegisterActivity.kt:112:21 Unresolved reference 'progressRegister'.
e: file:///C:/Users/admin/AndroidStudioProjects/AgreeWise/app/src/main/java/com/example/agreewise/RegisterActivity.kt:124:21 Unresolved reference 'btnRegisterContainer'.

FAILURE: Build failed with an exception.

* What went wrong:
Execution failed for task ':app:compileDebugKotlin'.
> A failure occurred while executing org.jetbrains.kotlin.compilerRunner.GradleCompilerRunnerWithWorkers$GradleKotlinCompilerWorkAction
   > Compilation error. See log for more details

* Try:
> Run with --stacktrace option to get the stack trace.
> Run with --info or --debug option to get more log output.
> Run with --scan to get full insights.
> Get more help at https://help.gradle.org.

BUILD FAILED in 2s
17 actionable tasks: 1 executed, 16 up-to-date
